Processed Certificate Type: IV
Certificate Errors: 3
  Priority: Warning, Message: Certificate contains unknown extension (2.5.29.18)
  Priority: Error, Message: localityName or stateOrProvinceName is required if organizationName is set
  Priority: Info, Message: commonName field is deprecated
