Processed Certificate Type: EV
Certificate Errors: 7
  Priority: Error, Message: Certificate has key usage KeyAgreement set
  Priority: Error, Message: businessCategory is required for EV certificates
  Priority: Error, Message: jurisdictionCountryName is required for EV certificates
  Priority: Info, Message: commonName field is deprecated
  Priority: Error, Message: Certificate CN is not listed in subjectAltName
  Priority: Error, Message: Certificate subjectAltName '*.passbyme.com' should not contain a wildcard
  Priority: Error, Message: Certificate subjectAltName '*.passbyme.net' should not contain a wildcard
